........................................................................ [ 57%]
........................................F.............                   [100%]
================================== FAILURES ===================================
______ TestSREEnvironment.test_dynamic_metrics_after_correct_remediation ______

self = <test_sre_gym.TestSREEnvironment object at 0x0000012FCC07B550>

    def test_dynamic_metrics_after_correct_remediation(self):
        self.env.reset(task_id="task_easy_1")
        obs_before = self.env.step(SREAction(
            action_type="query_metrics",
            payload={"service": "redis"}
        ))
        error_rate_before = obs_before.metrics.get("api_error_rate_pct", 0)
        self.env.step(SREAction(
            action_type="apply_remediation",
            payload={"playbook_id": "restart_redis"}
        ))
        obs_after = self.env.step(SREAction(
            action_type="query_metrics",
            payload={"service": "api-gateway"}
        ))
        error_rate_after = obs_after.metrics.get("api_error_rate_pct", 0)
>       assert error_rate_after < error_rate_before, (
            "Error rate should drop after correct remediation"
        )
E       AssertionError: Error rate should drop after correct remediation
E       assert 62.0 < 62.0

tests\test_sre_gym.py:535: AssertionError
=========================== short test summary info ===========================
FAILED tests/test_sre_gym.py::TestSREEnvironment::test_dynamic_metrics_after_correct_remediation
1 failed, 125 passed in 7.88s
